=========================================================================================================
Auto created by the td v5.0.24498
@Copy Right: Shanghai Anlogic Infotech, 2011 - 2021.
Fri Apr  2 20:05:07 2021
=========================================================================================================


Top Model:                pulp_soc                                                        
Device:                   eagle_s20                                                       
Timing Constraint File:   pulpino_zeroriscy.sdc                                           
STA Level:                Detail                                                          
Process parameter::       TT  1.10v  85C                                                  

---------------------------------------------------------------------------------------------------------

---------------------------------------------------------------------------------------------------------

---------------------------------------------------------------------------------------------------------
